Before (root=non-null):
==================================
  map1:
    child1:
  delete:
    child2:
==================================

Callback:
==================================
map1                                    : map1:
map1/child1                             :   child1:
delete                                  : delete:
*** Deleting node
==================================

After (root=non-null):
==================================
  map1:
    child1:
==================================
