Before (root=non-null):
==================================
  delete:
    child:
==================================

Callback:
==================================
delete                                  : delete:
*** Deleting node
==================================

After (root=null):
==================================
==================================
