Before (root=non-null):
==================================
  - seq
  - delete
==================================

Callback:
==================================
seq                                     : -
seq/                                    :   seq
delete                                  : -
*** Deleting node
==================================

After (root=non-null):
==================================
  - seq
==================================
