Before (root=non-null):
==================================
  delete:
  map:
==================================

Callback:
==================================
delete                                  : delete:
*** Deleting node
map                                     : map:
==================================

After (root=non-null):
==================================
  map:
==================================
