Before (root=non-null):
==================================
  delete:
    child1:
  map2:
    child2:
==================================

Callback:
==================================
delete                                  : delete:
*** Deleting node
map2                                    : map2:
map2/child2                             :   child2:
==================================

After (root=non-null):
==================================
  map2:
    child2:
==================================
