Before (root=non-null):
==================================
  - delete
  - seq
==================================

Callback:
==================================
delete                                  : -
*** Deleting node
seq                                     : -
seq/                                    :   seq
==================================

After (root=non-null):
==================================
  - seq
==================================
