Before (root=non-null):
==================================
  map:
  delete:
==================================

Callback:
==================================
map                                     : map:
delete                                  : delete:
*** Deleting node
==================================

After (root=non-null):
==================================
  map:
==================================
