Before (root=non-null):
==================================
  - seq1
  - delete
  - seq2
==================================

Callback:
==================================
seq1                                    : -
seq1/                                   :   seq1
delete                                  : -
*** Deleting node
seq2                                    : -
seq2/                                   :   seq2
==================================

After (root=non-null):
==================================
  - seq1
  - seq2
==================================
