Before (root=non-null):
==================================
  delete
==================================

Callback:
==================================
/                                       :   delete
*** Deleting node
==================================

After (root=null):
==================================
==================================
