Before (root=non-null):
==================================
  map1:
  delete:
  map2:
==================================

Callback:
==================================
map1                                    : map1:
delete                                  : delete:
*** Deleting node
map2                                    : map2:
==================================

After (root=non-null):
==================================
  map1:
  map2:
==================================
