Before (root=null):
==================================
==================================

Callback:
==================================
==================================

After (root=null):
==================================
==================================
