Before (root=non-null):
==================================
  root:
    map1: key2
    map2:
      map3:
        key3:
    map4:
    map5:
      - seq 1
      - seq 2
    map 6: scalar 1 scalar 2
==================================

Callback:
==================================
root                                    : root:
root/map1                               :   map1:
root/map1/                              :     key2
root/map2                               :   map2:
root/map2/map3                          :     map3:
root/map2/map3/key3                     :       key3:
root/map4                               :   map4:
root/map5                               :   map5:
root/map5/seq 1                         :     -
root/map5/seq 1/                        :       seq 1
root/map5/seq 2                         :     -
root/map5/seq 2/                        :       seq 2
root/map 6                              :   map 6:
root/map 6/                             :     scalar 1 scalar 2
==================================

After (root=non-null):
==================================
  root:
    map1: key2
    map2:
      map3:
        key3:
    map4:
    map5:
      - seq 1
      - seq 2
    map 6: scalar 1 scalar 2
==================================
