Before (root=non-null):
==================================
  - seq1
  - replace
  - seq2
==================================

Callback:
==================================
seq1                                    : -
seq1/                                   :   seq1
replace                                 : -
*** Replacing node
seq2                                    : -
seq2/                                   :   seq2
==================================

After (root=non-null):
==================================
  - seq1
  replacement
  - seq2
==================================
