Before (root=non-null):
==================================
  replace:
==================================

Callback:
==================================
replace                                 : replace:
*** Replacing node
==================================

After (root=non-null):
==================================
  replacement
==================================
