Before (root=non-null):
==================================
  root:
    map1:
      map2:
        map3:
          map4:
            map5:
              map6:
                map7:
                  map8:
                    replace:
                      map9:
                        map10:
==================================

Callback:
==================================
root                                    : root:
root/map1                               :   map1:
root/map1/map2                          :     map2:
root/map1/map2/map3                     :       map3:
root/map1/map2/map3/map4                :         map4:
root/map1/map2/map3/map4/map5           :           map5:
root/map1/map2/map3/map4/map5/map6      :             map6:
root/map1/map2/map3/map4/map5/map6/map7 :               map7:
root/map1/map2/map3/map4/map5/map6/map7/map8:                 map8:
root/map1/map2/map3/map4/map5/map6/map7/map8/replace:                   replace:
*** Replacing node
==================================

After (root=non-null):
==================================
  root:
    map1:
      map2:
        map3:
          map4:
            map5:
              map6:
                map7:
                  map8: replacement
==================================
