Before (root=non-null):
==================================
  map:
  replace:
==================================

Callback:
==================================
map                                     : map:
replace                                 : replace:
*** Replacing node
==================================

After (root=non-null):
==================================
  map:
  replacement
==================================
