Before (root=non-null):
==================================
  - replace
  - seq
==================================

Callback:
==================================
replace                                 : -
*** Replacing node
seq                                     : -
seq/                                    :   seq
==================================

After (root=non-null):
==================================
  replacement
  - seq
==================================
