Before (root=non-null):
==================================
  - replace
==================================

Callback:
==================================
replace                                 : -
*** Replacing node
==================================

After (root=non-null):
==================================
  replacement
==================================
