Before (root=non-null):
==================================
  map1:
  replace:
  map2:
==================================

Callback:
==================================
map1                                    : map1:
replace                                 : replace:
*** Replacing node
map2                                    : map2:
==================================

After (root=non-null):
==================================
  map1:
  replacement
  map2:
==================================
