Before (root=non-null):
==================================
  map1:
    child1:
  replace:
    child2:
==================================

Callback:
==================================
map1                                    : map1:
map1/child1                             :   child1:
replace                                 : replace:
*** Replacing node
==================================

After (root=non-null):
==================================
  map1:
    child1:
  replacement
==================================
