Before (root=non-null):
==================================
  - seq
  - replace
==================================

Callback:
==================================
seq                                     : -
seq/                                    :   seq
replace                                 : -
*** Replacing node
==================================

After (root=non-null):
==================================
  - seq
  replacement
==================================
