Before (root=non-null):
==================================
  replace:
  map:
==================================

Callback:
==================================
replace                                 : replace:
*** Replacing node
map                                     : map:
==================================

After (root=non-null):
==================================
  replacement
  map:
==================================
