Before (a=non-null, b=null):
= a ===============================
  root:
    map1: key2
    map2:
      map3:
        key3:
    map4:
    map5:
      - seq 1
      - seq 2
    map6: scalar 1 scalar 2
= b ===============================
==================================

Callback:
==================================
a: root                                    : root:
b: <null>
a: root/map1                               :   map1:
b: <null>
a: root/map1/                              :     key2
b: <null>
a: root/map2                               :   map2:
b: <null>
a: root/map2/map3                          :     map3:
b: <null>
a: root/map2/map3/key3                     :       key3:
b: <null>
a: root/map4                               :   map4:
b: <null>
a: root/map5                               :   map5:
b: <null>
a: root/map5/seq 1                         :     -
b: <null>
a: root/map5/seq 1/                        :       seq 1
b: <null>
a: root/map5/seq 2                         :     -
b: <null>
a: root/map5/seq 2/                        :       seq 2
b: <null>
a: root/map6                               :   map6:
b: <null>
a: root/map6/                              :     scalar 1 scalar 2
b: <null>
==================================

After (a=non-null, b=null):
= a ==============================
  root:
    map1: key2
    map2:
      map3:
        key3:
    map4:
    map5:
      - seq 1
      - seq 2
    map6: scalar 1 scalar 2
= b ==============================
==================================
