Before (a=non-null, b=non-null):
= a ===============================
  root:
    map1: key2
    map2:
      map3:
        key3:
    map4:
    map5:
      - seq 1
      - seq 2
    map6: scalar 1 scalar 2
= b ===============================
  root:
    map1b: key2
    map2:
      map3:
        key3:
    map4b:
    map5:
      - seq 1b
      - seq 2
    map6: scalar 1 scalar 2b
==================================

Callback:
==================================
a: root                                    : root:
b: root                                    : root:
a: root/map1                               :   map1:
b: <null>
a: root/map1/                              :     key2
b: <null>
a: root/map2                               :   map2:
b: root/map2                               :   map2:
a: root/map2/map3                          :     map3:
b: root/map2/map3                          :     map3:
a: root/map2/map3/key3                     :       key3:
b: root/map2/map3/key3                     :       key3:
a: root/map4                               :   map4:
b: <null>
a: root/map5                               :   map5:
b: root/map5                               :   map5:
a: root/map5/seq 1                         :     -
b: <null>
a: root/map5/seq 1/                        :       seq 1
b: <null>
a: root/map5/seq 2                         :     -
b: root/map5/seq 2                         :     -
a: root/map5/seq 2/                        :       seq 2
b: root/map5/seq 2/                        :       seq 2
a: <null>
b: root/map5/seq 1b                        :     -
a: <null>
b: root/map5/seq 1b/                       :       seq 1b
a: root/map6                               :   map6:
b: root/map6                               :   map6:
a: root/map6/                              :     scalar 1 scalar 2
b: root/map6/                              :     scalar 1 scalar 2b
a: <null>
b: root/map1b                              :   map1b:
a: <null>
b: root/map1b/                             :     key2
a: <null>
b: root/map4b                              :   map4b:
==================================

After (a=non-null, b=non-null):
= a ==============================
  root:
    map1: key2
    map2:
      map3:
        key3:
    map4:
    map5:
      - seq 1
      - seq 2
    map6: scalar 1 scalar 2
= b ==============================
  root:
    map1b: key2
    map2:
      map3:
        key3:
    map4b:
    map5:
      - seq 1b
      - seq 2
    map6: scalar 1 scalar 2b
==================================
